[    0.000000] Linux version 6.17.7-arch1-1 (linux@archlinux) (gcc (GCC) 15.2.1 20250813, GNU ld (GNU Binutils) 2.45.0) #1 SMP PREEMPT_DYNAMIC Sun, 02 Nov 2025 17:27:22 +0000
[    0.000000] Command line: quiet splash cryptdevice=PARTUUID=265cc117-02:root root=/dev/mapper/root zswap.enabled=0 rootflags=subvol=@ rw rootfstype=btrfs
[    0.000000] Disabled fast string operations
[    0.000000] BIOS-provided physical RAM map:
[    0.000000] BIOS-e820: [mem 0x0000000000000000-0x000000000009cfff] usable
[    0.000000] BIOS-e820: [mem 0x000000000009d000-0x000000000009ffff] reserved
[    0.000000] BIOS-e820: [mem 0x00000000000ce000-0x00000000000cffff] reserved
[    0.000000] BIOS-e820: [mem 0x00000000000e0000-0x00000000000fffff] reserved
[    0.000000] BIOS-e820: [mem 0x0000000000100000-0x00000000cff8ffff] usable
[    0.000000] BIOS-e820: [mem 0x00000000cff90000-0x00000000cffaafff] ACPI data
[    0.000000] BIOS-e820: [mem 0x00000000cffab000-0x00000000cffcefff] ACPI NVS
[    0.000000] BIOS-e820: [mem 0x00000000cffcf000-0x00000000dfffffff] reserved
[    0.000000] BIOS-e820: [mem 0x00000000f8000000-0x00000000fbffffff] reserved
[    0.000000] BIOS-e820: [mem 0x00000000fec00000-0x00000000fec0ffff] reserved
[    0.000000] BIOS-e820: [mem 0x00000000fee00000-0x00000000fee00fff] reserved
[    0.000000] BIOS-e820: [mem 0x00000000ff000000-0x00000000ffffffff] reserved
[    0.000000] BIOS-e820: [mem 0x0000000100000000-0x000000027effffff] usable
[    0.000000] BIOS-e820: [mem 0x000000027f000000-0x000000027fffffff] reserved
[    0.000000] NX (Execute Disable) protection: active
[    0.000000] APIC: Static calls initialized
[    0.000000] SMBIOS 2.5 present.
[    0.000000] DMI: LENOVO 7483A7P/LENOVO, BIOS 5CKT77AUS 05/07/2012
[    0.000000] DMI: Memory slots populated: 4/4
[    0.000000] tsc: Fast TSC calibration failed
[    0.000000] e820: update [mem 0x00000000-0x00000fff] usable ==> reserved
[    0.000000] e820: remove [mem 0x000a0000-0x000fffff] usable
[    0.000000] last_pfn = 0x27f000 max_arch_pfn = 0x400000000
[    0.000000] total RAM covered: 11520M
[    0.000000] Found optimal setting for mtrr clean up
[    0.000000]  gran_size: 64K 	chunk_size: 64K 	num_reg: 5  	lose cover RAM: 0G
[    0.000000] MTRR map: 7 entries (5 fixed + 2 variable; max 19), built from 7 variable MTRRs
[    0.000000] x86/PAT: Configuration [0-7]: WB  WC  UC- UC  WB  WP  UC- WT  
[    0.000000] e820: update [mem 0xd0000000-0xffffffff] usable ==> reserved
[    0.000000] last_pfn = 0xcffab max_arch_pfn = 0x400000000
[    0.000000] found SMP MP-table at [mem 0x000f6b20-0x000f6b2f]
[    0.000000] RAMDISK: [mem 0x7e700000-0x7ffddfff]
[    0.000000] ACPI: Early table checksum verification disabled
[    0.000000] ACPI: RSDP 0x00000000000F68F0 000024 (v02 LENOVO)
[    0.000000] ACPI: XSDT 0x00000000CFF9D257 0000B4 (v01 LENOVO TC-5C    0000014D  LTP 00000000)
[    0.000000] ACPI: TCPA 0x00000000CFFAAAC9 000032 (v02 LENOVO TC-5C    0000014D PTL  00000000)
[    0.000000] ACPI: FACP 0x00000000CFFAAAFB 0000F4 (v03 LENOVO TC-5C    0000014D PTL  00000002)
[    0.000000] ACPI: DSDT 0x00000000CFFA132D 009718 (v01 LENOVO TC-5C    0000014D MSFT 0100000E)
[    0.000000] ACPI: FACS 0x00000000CFFCEFC0 000040
[    0.000000] ACPI: FACS 0x00000000CFFCEFC0 000040
[    0.000000] ACPI: DMAR 0x00000000CFFAABEF 000120 (v01 LENOVO TC-5C    0000014D LOHR 00000001)
[    0.000000] ACPI: SLIC 0x00000000CFFAAD0F 000176 (v01 LENOVO TC-5C    0000014D  LTP 00000000)
[    0.000000] ACPI: MCFG 0x00000000CFFAAE85 00003C (v01 LENOVO TC-5C    0000014D  LTP 00000000)
[    0.000000] ACPI: HPET 0x00000000CFFAAEC1 000038 (v01 LENOVO TC-5C    0000014D  LTP 00000001)
[    0.000000] ACPI: APIC 0x00000000CFFAAEF9 000068 (v01 LENOVO TC-5C    0000014D  LTP 00000000)
[    0.000000] ACPI: BOOT 0x00000000CFFAAF61 000028 (v01 LENOVO TC-5C    0000014D  LTP 00000001)
[    0.000000] ACPI: ASF! 0x00000000CFFAAF89 000077 (v32 LENOVO TC-5C    0000014D PTL  00000001)
[    0.000000] ACPI: SSDT 0x00000000CFF9EB57 00025F (v01 LENOVO TC-5C    0000014D INTL 20050228)
[    0.000000] ACPI: SSDT 0x00000000CFF9EAB1 0000A6 (v01 LENOVO TC-5C    0000014D INTL 20050228)
[    0.000000] ACPI: SSDT 0x00000000CFF9EA0B 0000A6 (v01 LENOVO TC-5C    0000014D INTL 20050228)
[    0.000000] ACPI: SSDT 0x00000000CFF9E965 0000A6 (v01 LENOVO TC-5C    0000014D INTL 20050228)
[    0.000000] ACPI: SSDT 0x00000000CFF9E8BF 0000A6 (v01 LENOVO TC-5C    0000014D INTL 20050228)
[    0.000000] ACPI: SSDT 0x00000000CFF9E819 0000A6 (v01 LENOVO TC-5C    0000014D INTL 20050228)
[    0.000000] ACPI: SSDT 0x00000000CFF9E773 0000A6 (v01 LENOVO TC-5C    0000014D INTL 20050228)
[    0.000000] ACPI: SSDT 0x00000000CFF9E6CD 0000A6 (v01 LENOVO TC-5C    0000014D INTL 20050228)
[    0.000000] ACPI: SSDT 0x00000000CFF9D30B 0013C2 (v01 LENOVO TC-5C    0000014D INTL 20050228)
[    0.000000] ACPI: Reserving TCPA table memory at [mem 0xcffaaac9-0xcffaaafa]
[    0.000000] ACPI: Reserving FACP table memory at [mem 0xcffaaafb-0xcffaabee]
[    0.000000] ACPI: Reserving DSDT table memory at [mem 0xcffa132d-0xcffaaa44]
[    0.000000] ACPI: Reserving FACS table memory at [mem 0xcffcefc0-0xcffcefff]
[    0.000000] ACPI: Reserving FACS table memory at [mem 0xcffcefc0-0xcffcefff]
[    0.000000] ACPI: Reserving DMAR table memory at [mem 0xcffaabef-0xcffaad0e]
[    0.000000] ACPI: Reserving SLIC table memory at [mem 0xcffaad0f-0xcffaae84]
[    0.000000] ACPI: Reserving MCFG table memory at [mem 0xcffaae85-0xcffaaec0]
[    0.000000] ACPI: Reserving HPET table memory at [mem 0xcffaaec1-0xcffaaef8]
[    0.000000] ACPI: Reserving APIC table memory at [mem 0xcffaaef9-0xcffaaf60]
[    0.000000] ACPI: Reserving BOOT table memory at [mem 0xcffaaf61-0xcffaaf88]
[    0.000000] ACPI: Reserving ASF! table memory at [mem 0xcffaaf89-0xcffaafff]
[    0.000000] ACPI: Reserving SSDT table memory at [mem 0xcff9eb57-0xcff9edb5]
[    0.000000] ACPI: Reserving SSDT table memory at [mem 0xcff9eab1-0xcff9eb56]
[    0.000000] ACPI: Reserving SSDT table memory at [mem 0xcff9ea0b-0xcff9eab0]
[    0.000000] ACPI: Reserving SSDT table memory at [mem 0xcff9e965-0xcff9ea0a]
[    0.000000] ACPI: Reserving SSDT table memory at [mem 0xcff9e8bf-0xcff9e964]
[    0.000000] ACPI: Reserving SSDT table memory at [mem 0xcff9e819-0xcff9e8be]
[    0.000000] ACPI: Reserving SSDT table memory at [mem 0xcff9e773-0xcff9e818]
[    0.000000] ACPI: Reserving SSDT table memory at [mem 0xcff9e6cd-0xcff9e772]
[    0.000000] ACPI: Reserving SSDT table memory at [mem 0xcff9d30b-0xcff9e6cc]
[    0.000000] No NUMA configuration found
[    0.000000] Faking a node at [mem 0x0000000000000000-0x000000027effffff]
[    0.000000] NODE_DATA(0) allocated [mem 0x27efd52c0-0x27effffff]
[    0.000000] Zone ranges:
[    0.000000]   DMA      [mem 0x0000000000001000-0x0000000000ffffff]
[    0.000000]   DMA32    [mem 0x0000000001000000-0x00000000ffffffff]
[    0.000000]   Normal   [mem 0x0000000100000000-0x000000027effffff]
[    0.000000]   Device   empty
[    0.000000] Movable zone start for each node
[    0.000000] Early memory node ranges
[    0.000000]   node   0: [mem 0x0000000000001000-0x000000000009cfff]
[    0.000000]   node   0: [mem 0x0000000000100000-0x00000000cff8ffff]
[    0.000000]   node   0: [mem 0x0000000100000000-0x000000027effffff]
[    0.000000] Initmem setup node 0 [mem 0x0000000000001000-0x000000027effffff]
[    0.000000] On node 0, zone DMA: 1 pages in unavailable ranges
[    0.000000] On node 0, zone DMA: 99 pages in unavailable ranges
[    0.000000] On node 0, zone Normal: 112 pages in unavailable ranges
[    0.000000] On node 0, zone Normal: 4096 pages in unavailable ranges
[    0.000000] Reserving Intel graphics memory at [mem 0xd8000000-0xdfffffff]
[    0.000000] ACPI: PM-Timer IO Port: 0x1008
[    0.000000] ACPI: LAPIC_NMI (acpi_id[0x00] high edge lint[0x1])
[    0.000000] ACPI: LAPIC_NMI (acpi_id[0x01] high edge lint[0x1])
[    0.000000] IOAPIC[0]: apic_id 2, version 32, address 0xfec00000, GSI 0-23
[    0.000000] ACPI: INT_SRC_OVR (bus 0 bus_irq 0 global_irq 2 high edge)
[    0.000000] ACPI: INT_SRC_OVR (bus 0 bus_irq 9 global_irq 9 high level)
[    0.000000] ACPI: Using ACPI (MADT) for SMP configuration information
[    0.000000] ACPI: HPET id: 0xffffffff base: 0xfed00000
[    0.000000] CPU topo: Max. logical packages:   1
[    0.000000] CPU topo: Max. logical dies:       1
[    0.000000] CPU topo: Max. dies per package:   1
[    0.000000] CPU topo: Max. threads per core:   1
[    0.000000] CPU topo: Num. cores per package:     2
[    0.000000] CPU topo: Num. threads per package:   2
[    0.000000] CPU topo: Allowing 2 present CPUs plus 0 hotplug CPUs
[    0.000000] PM: hibernation: Registered nosave memory: [mem 0x00000000-0x00000fff]
[    0.000000] PM: hibernation: Registered nosave memory: [mem 0x0009d000-0x000fffff]
[    0.000000] PM: hibernation: Registered nosave memory: [mem 0xcff90000-0xffffffff]
[    0.000000] [mem 0xe0000000-0xf7ffffff] available for PCI devices
[    0.000000] Booting paravirtualized kernel on bare hardware
[    0.000000] clocksource: refined-jiffies: mask: 0xffffffff max_cycles: 0xffffffff, max_idle_ns: 1910969940391419 ns
[    0.000000] setup_percpu: NR_CPUS:8192 nr_cpumask_bits:2 nr_cpu_ids:2 nr_node_ids:1
[    0.000000] percpu: Embedded 62 pages/cpu s217088 r8192 d28672 u1048576
[    0.000000] pcpu-alloc: s217088 r8192 d28672 u1048576 alloc=1*2097152
[    0.000000] pcpu-alloc: [0] 0 1 
[    0.000000] Kernel command line: quiet splash cryptdevice=PARTUUID=265cc117-02:root root=/dev/mapper/root zswap.enabled=0 rootflags=subvol=@ rw rootfstype=btrfs
[    0.000000] Unknown kernel command line parameters "splash cryptdevice=PARTUUID=265cc117-02:root", will be passed to user space.
[    0.000000] printk: log buffer data + meta data: 131072 + 458752 = 589824 bytes
[    0.000000] Dentry cache hash table entries: 2097152 (order: 12, 16777216 bytes, linear)
[    0.000000] Inode-cache hash table entries: 1048576 (order: 11, 8388608 bytes, linear)
[    0.000000] software IO TLB: area num 2.
[    0.000000] Fallback order for Node 0: 0 
[    0.000000] Built 1 zonelists, mobility grouping on.  Total pages: 2420524
[    0.000000] Policy zone: Normal
[    0.000000] mem auto-init: stack:all(zero), heap alloc:on, heap free:off
[    0.000000] SLUB: HWalign=64, Order=0-3, MinObjects=0, CPUs=2, Nodes=1
[    0.000000] Kernel/User page tables isolation: enabled
[    0.000000] ftrace: allocating 56529 entries in 224 pages
[    0.000000] ftrace: allocated 224 pages with 3 groups
[    0.000000] Dynamic Preempt: full
[    0.000000] rcu: Preemptible hierarchical RCU implementation.
[    0.000000] rcu: 	RCU restricting CPUs from NR_CPUS=8192 to nr_cpu_ids=2.
[    0.000000] rcu: 	RCU priority boosting: priority 1 delay 500 ms.
[    0.000000] 	Trampoline variant of Tasks RCU enabled.
[    0.000000] 	Rude variant of Tasks RCU enabled.
[    0.000000] 	Tracing variant of Tasks RCU enabled.
[    0.000000] rcu: RCU calculated value of scheduler-enlistment delay is 100 jiffies.
[    0.000000] rcu: Adjusting geometry for rcu_fanout_leaf=16, nr_cpu_ids=2
[    0.000000] RCU Tasks: Setting shift to 1 and lim to 1 rcu_task_cb_adjust=1 rcu_task_cpu_ids=2.
[    0.000000] RCU Tasks Rude: Setting shift to 1 and lim to 1 rcu_task_cb_adjust=1 rcu_task_cpu_ids=2.
[    0.000000] RCU Tasks Trace: Setting shift to 1 and lim to 1 rcu_task_cb_adjust=1 rcu_task_cpu_ids=2.
[    0.000000] NR_IRQS: 524544, nr_irqs: 440, preallocated irqs: 16
[    0.000000] rcu: srcu_init: Setting srcu_struct sizes based on contention.
[    0.000000] kfence: initialized - using 2097152 bytes for 255 objects at 0x(____ptrval____)-0x(____ptrval____)
[    0.000000] Console: colour dummy device 80x25
[    0.000000] printk: legacy console [tty0] enabled
[    0.000000] ACPI: Core revision 20250404
[    0.000000] clocksource: hpet: mask: 0xffffffff max_cycles: 0xffffffff, max_idle_ns: 133484882848 ns
[    0.000000] APIC: Switch to symmetric I/O mode setup
[    0.000000] DMAR: Host address width 36
[    0.000000] DMAR: DRHD base: 0x000000fed90000 flags: 0x0
[    0.000000] DMAR: dmar0: reg_base_addr fed90000 ver 1:0 cap c9008020e30272 ecap 1000
[    0.000000] DMAR: DRHD base: 0x000000fed91000 flags: 0x0
[    0.000000] DMAR: dmar1: reg_base_addr fed91000 ver 1:0 cap c0000020630272 ecap 1000
[    0.000000] DMAR: DRHD base: 0x000000fed92000 flags: 0x0
[    0.000000] DMAR: dmar2: reg_base_addr fed92000 ver 1:0 cap c0000020630272 ecap 1000
[    0.000000] DMAR: DRHD base: 0x000000fed93000 flags: 0x1
[    0.000000] DMAR: dmar3: reg_base_addr fed93000 ver 1:0 cap c9008020630272 ecap 1000
[    0.000000] DMAR: RMRR base: 0x000000d7c00000 end: 0x000000dfffffff
[    0.000000] DMAR: RMRR base: 0x000000cffcf000 end: 0x000000cfffffff
[    0.000000] ..TIMER: vector=0x30 apic1=0 pin1=2 apic2=-1 pin2=-1
[    0.006000] tsc: PIT calibration matches HPET. 1 loops
[    0.006000] tsc: Detected 2992.524 MHz processor
[    0.000003] clocksource: tsc-early: mask: 0xffffffffffffffff max_cycles: 0x2b22af43e0b, max_idle_ns: 440795259428 ns
[    0.000008] Calibrating delay loop (skipped), value calculated using timer frequency.. 5985.04 BogoMIPS (lpj=2992524)
[    0.000022] Disabled fast string operations
[    0.000057] Last level iTLB entries: 4KB 128, 2MB 4, 4MB 4
[    0.000059] Last level dTLB entries: 4KB 256, 2MB 0, 4MB 32, 1GB 0
[    0.000063] process: using mwait in idle threads
[    0.000066] mitigations: Enabled attack vectors: user_kernel, user_user, guest_host, guest_guest, SMT mitigations: auto
[    0.000072] Speculative Store Bypass: Vulnerable
[    0.000074] Spectre V2 : Mitigation: Retpolines
[    0.000076] MDS: Vulnerable: Clear CPU buffers attempted, no microcode
[    0.000077] Spectre V1 : Mitigation: usercopy/swapgs barriers and __user pointer sanitization
[    0.000079] Spectre V2 : Spectre v2 / SpectreRSB: Filling RSB on context switch and VMEXIT
[    0.000086] x86/fpu: Supporting XSAVE feature 0x001: 'x87 floating point registers'
[    0.000087] x86/fpu: Supporting XSAVE feature 0x002: 'SSE registers'
[    0.000089] x86/fpu: Enabled xstate features 0x3, context size is 576 bytes, using 'standard' format.
[    0.026389] Freeing SMP alternatives memory: 56K
[    0.026398] pid_max: default: 32768 minimum: 301
[    0.026942] LSM: initializing lsm=capability,landlock,lockdown,yama,bpf
[    0.027710] landlock: Up and running.
[    0.027713] Yama: becoming mindful.
[    0.027983] LSM support for eBPF active
[    0.028258] Mount-cache hash table entries: 32768 (order: 6, 262144 bytes, linear)
[    0.028313] Mountpoint-cache hash table entries: 32768 (order: 6, 262144 bytes, linear)
[    0.132811] smpboot: CPU0: Intel(R) Core(TM)2 Duo CPU     E8400  @ 3.00GHz (family: 0x6, model: 0x17, stepping: 0xa)
[    0.133006] Performance Events: PEBS fmt0+, Core2 events, 4-deep LBR, Intel PMU driver.
[    0.133006] ... version:                2
[    0.133006] ... bit width:              40
[    0.133006] ... generic registers:      2
[    0.133006] ... value mask:             000000ffffffffff
[    0.133006] ... max period:             000000007fffffff
[    0.133006] ... fixed-purpose events:   3
[    0.133006] ... event mask:             0000000700000003
[    0.133006] signal: max sigframe size: 1520
[    0.133006] rcu: Hierarchical SRCU implementation.
[    0.133006] rcu: 	Max phase no-delay instances is 400.
[    0.133006] Timer migration: 1 hierarchy levels; 8 children per group; 1 crossnode level
[    0.133233] NMI watchdog: Enabled. Permanently consumes one hw-PMU counter.
[    0.133292] smp: Bringing up secondary CPUs ...
[    0.133497] smpboot: x86: Booting SMP configuration:
[    0.133499] .... node  #0, CPUs:      #1
[    0.136117] smp: Brought up 1 node, 2 CPUs
[    0.136117] smpboot: Total of 2 processors activated (11970.09 BogoMIPS)
[    0.137125] Memory: 9348828K/9682096K available (20061K kernel code, 2946K rwdata, 16220K rodata, 4692K init, 4880K bss, 326904K reserved, 0K cma-reserved)
[    0.138490] devtmpfs: initialized
[    0.138490] x86/mm: Memory block size: 128MB
[    0.140052] ACPI: PM: Registering ACPI NVS region [mem 0xcffab000-0xcffcefff] (147456 bytes)
[    0.140149] clocksource: jiffies: mask: 0xffffffff max_cycles: 0xffffffff, max_idle_ns: 1911260446275000 ns
[    0.140149] posixtimers hash table entries: 1024 (order: 2, 16384 bytes, linear)
[    0.140149] futex hash table entries: 512 (32768 bytes on 1 NUMA nodes, total 32 KiB, linear).
[    0.140631] pinctrl core: initialized pinctrl subsystem
[    0.141116] PM: RTC time: 07:48:26, date: 2025-11-14
[    0.142145] NET: Registered PF_NETLINK/PF_ROUTE protocol family
[    0.142774] DMA: preallocated 2048 KiB GFP_KERNEL pool for atomic allocations
[    0.143306] DMA: preallocated 2048 KiB GFP_KERNEL|GFP_DMA pool for atomic allocations
[    0.144016] DMA: preallocated 2048 KiB GFP_KERNEL|GFP_DMA32 pool for atomic allocations
[    0.144047] audit: initializing netlink subsys (disabled)
[    0.144082] audit: type=2000 audit(1763106506.150:1): state=initialized audit_enabled=0 res=1
[    0.144249] thermal_sys: Registered thermal governor 'fair_share'
[    0.144251] thermal_sys: Registered thermal governor 'bang_bang'
[    0.144252] thermal_sys: Registered thermal governor 'step_wise'
[    0.144254] thermal_sys: Registered thermal governor 'user_space'
[    0.144255] thermal_sys: Registered thermal governor 'power_allocator'
[    0.144266] cpuidle: using governor ladder
[    0.144266] cpuidle: using governor menu
[    0.144266] Simple Boot Flag at 0x36 set to 0x1
[    0.144266] acpiphp: ACPI Hot Plug PCI Controller Driver version: 0.5
[    0.144479] PCI: ECAM [mem 0xf8000000-0xf90fffff] (base 0xf8000000) for domain 0000 [bus 00-10]
[    0.144485] PCI: ECAM [mem 0xf8000000-0xf90fffff] reserved as E820 entry
[    0.144501] PCI: Using configuration type 1 for base access
[    0.145052] kprobes: kprobe jump-optimization is enabled. All kprobes are optimized if possible.
[    0.147460] HugeTLB: registered 2.00 MiB page size, pre-allocated 0 pages
[    0.147462] HugeTLB: 28 KiB vmemmap can be freed for a 2.00 MiB page
[    0.155196] raid6: skipped pq benchmark and selected sse2x4
[    0.155199] raid6: using ssse3x2 recovery algorithm
[    0.155335] ACPI: Added _OSI(Module Device)
[    0.155337] ACPI: Added _OSI(Processor Device)
[    0.155338] ACPI: Added _OSI(Processor Aggregator Device)
[    0.163549] ACPI: 10 ACPI AML tables successfully acquired and loaded
[    0.166936] ACPI: Dynamic OEM Table Load:
[    0.166944] ACPI: SSDT 0xFFFF8960C028A200 0001DD (v01 LENOVO TC-5C    0000014D INTL 20050228)
[    0.167451] ACPI: Dynamic OEM Table Load:
[    0.167457] ACPI: SSDT 0xFFFF8960C08B1000 00067D (v01 LENOVO TC-5C    0000014D INTL 20050228)
[    0.168220] ACPI: Dynamic OEM Table Load:
[    0.168226] ACPI: SSDT 0xFFFF8960C028AE00 00016E (v01 LENOVO TC-5C    0000014D INTL 20050228)
[    0.168612] ACPI: Dynamic OEM Table Load:
[    0.168617] ACPI: SSDT 0xFFFF8960C09EF3C0 000085 (v01 LENOVO TC-5C    0000014D INTL 20050228)
[    0.171160] ACPI: Interpreter enabled
[    0.171177] ACPI: PM: (supports S0 S3 S4 S5)
[    0.171179] ACPI: Using IOAPIC for interrupt routing
[    0.171563] PCI: Using host bridge windows from ACPI; if necessary, use "pci=nocrs" and report a bug
[    0.171566] PCI: Using E820 reservations for host bridge windows
[    0.171746] ACPI: Enabled 13 GPEs in block 00 to 3F
[    0.191328] ACPI: PCI Root Bridge [PCI0] (domain 0000 [bus 00-3f])
[    0.191336] acpi PNP0A03:00: _OSC: OS supports [ExtendedConfig ASPM ClockPM Segments MSI EDR HPX-Type3]
[    0.191396] ACPI BIOS Error (bug): Failure creating named object [\_SB.PCI0._OSC.CAPB], AE_ALREADY_EXISTS (20250404/dsfield-184)
[    0.191402] ACPI Error: AE_ALREADY_EXISTS, CreateBufferField failure (20250404/dswload2-477)
[    0.191407] ACPI Error: Aborting method \_SB.PCI0._OSC due to previous error (AE_ALREADY_EXISTS) (20250404/psparse-529)
[    0.191417] acpi PNP0A03:00: _OSC: OS requested [PCIeHotplug SHPCHotplug PME AER PCIeCapability LTR DPC]
[    0.191419] acpi PNP0A03:00: _OSC: platform willing to grant [PCIeHotplug SHPCHotplug PME AER PCIeCapability LTR DPC]
[    0.191421] acpi PNP0A03:00: _OSC: platform retains control of PCIe features (AE_ALREADY_EXISTS)
[    0.191429] acpi PNP0A03:00: [Firmware Info]: ECAM [mem 0xf8000000-0xf90fffff] for domain 0000 [bus 00-10] only partially covers this bridge
[    0.192032] acpi PNP0A03:00: host bridge window expanded to [mem 0xe0000000-0xfffffffe window]; [mem 0xfed40000-0xfed4ffff window] ignored
[    0.192407] PCI host bridge to bus 0000:00
[    0.192411] pci_bus 0000:00: root bus resource [io  0x0000-0x0cf7 window]
[    0.192414] pci_bus 0000:00: root bus resource [mem 0x000a0000-0x000bffff window]
[    0.192417] pci_bus 0000:00: root bus resource [mem 0x000d0000-0x000dffff window]
[    0.192418] pci_bus 0000:00: root bus resource [mem 0xe0000000-0xfffffffe window]
[    0.192420] pci_bus 0000:00: root bus resource [io  0x0d00-0xfdff window]
[    0.192422] pci_bus 0000:00: root bus resource [bus 00-3f]
[    0.192439] pci 0000:00:00.0: [8086:2e10] type 00 class 0x060000 conventional PCI endpoint
[    0.192461] pci 0000:00:00.0: DMAR: Disabling IOMMU for graphics on this chipset
[    0.192463] pci 0000:00:00.0: DMAR: Forcing write-buffer flush capability
[    0.192537] pci 0000:00:02.0: [8086:2e12] type 00 class 0x030000 conventional PCI endpoint
[    0.192552] pci 0000:00:02.0: BAR 0 [mem 0xfc000000-0xfc3fffff 64bit]
[    0.192554] pci 0000:00:02.0: BAR 2 [mem 0xe0000000-0xefffffff 64bit pref]
[    0.192557] pci 0000:00:02.0: BAR 4 [io  0x1c70-0x1c77]
[    0.192566] pci 0000:00:02.0: Video device with shadowed ROM at [mem 0x000c0000-0x000dffff]
[    0.192661] pci 0000:00:02.1: [8086:2e13] type 00 class 0x038000 conventional PCI endpoint
[    0.192675] pci 0000:00:02.1: BAR 0 [mem 0xfc400000-0xfc4fffff 64bit]
[    0.192781] pci 0000:00:03.0: [8086:2e14] type 00 class 0x078000 conventional PCI endpoint
[    0.192834] pci 0000:00:03.0: BAR 0 [mem 0xfc624000-0xfc62400f 64bit]
[    0.192883] pci 0000:00:03.0: PME# supported from D0 D3hot D3cold
[    0.192982] pci 0000:00:03.2: [8086:2e16] type 00 class 0x010185 conventional PCI endpoint
[    0.193215] pci 0000:00:03.2: BAR 0 [io  0x1c88-0x1c8f]
[    0.193219] pci 0000:00:03.2: BAR 1 [io  0x1c7c-0x1c7f]
[    0.193222] pci 0000:00:03.2: BAR 2 [io  0x1c80-0x1c87]
[    0.193226] pci 0000:00:03.2: BAR 3 [io  0x1c78-0x1c7b]
[    0.193229] pci 0000:00:03.2: BAR 4 [io  0x1c40-0x1c4f]
[    0.193380] pci 0000:00:03.3: [8086:2e17] type 00 class 0x070002 conventional PCI endpoint
[    0.193431] pci 0000:00:03.3: BAR 0 [io  0x1c90-0x1c97]
[    0.193434] pci 0000:00:03.3: BAR 1 [mem 0xfc626000-0xfc626fff]
[    0.193615] pci 0000:00:19.0: [8086:10de] type 00 class 0x020000 conventional PCI endpoint
[    0.193657] pci 0000:00:19.0: BAR 0 [mem 0xfc600000-0xfc61ffff]
[    0.193660] pci 0000:00:19.0: BAR 1 [mem 0xfc627000-0xfc627fff]
[    0.193663] pci 0000:00:19.0: BAR 2 [io  0x1820-0x183f]
[    0.193705] pci 0000:00:19.0: PME# supported from D0 D3hot D3cold
[    0.193807] pci 0000:00:1a.0: [8086:3a67] type 00 class 0x0c0300 conventional PCI endpoint
[    0.193852] pci 0000:00:1a.0: BAR 4 [io  0x1840-0x185f]
[    0.193977] pci 0000:00:1a.1: [8086:3a68] type 00 class 0x0c0300 conventional PCI endpoint
[    0.194025] pci 0000:00:1a.1: BAR 4 [io  0x1860-0x187f]
[    0.194163] pci 0000:00:1a.2: [8086:3a69] type 00 class 0x0c0300 conventional PCI endpoint
[    0.194209] pci 0000:00:1a.2: BAR 4 [io  0x1880-0x189f]
[    0.194343] pci 0000:00:1a.7: [8086:3a6c] type 00 class 0x0c0320 conventional PCI endpoint
[    0.194385] pci 0000:00:1a.7: BAR 0 [mem 0xfc628000-0xfc6283ff]
[    0.194431] pci 0000:00:1a.7: PME# supported from D0 D3hot D3cold
[    0.194539] pci 0000:00:1b.0: [8086:3a6e] type 00 class 0x040300 PCIe Root Complex Integrated Endpoint
[    0.194581] pci 0000:00:1b.0: BAR 0 [mem 0xfc620000-0xfc623fff 64bit]
[    0.194645] pci 0000:00:1b.0: PME# supported from D0 D3hot D3cold
[    0.194745] pci 0000:00:1d.0: [8086:3a64] type 00 class 0x0c0300 conventional PCI endpoint
[    0.194790] pci 0000:00:1d.0: BAR 4 [io  0x18a0-0x18bf]
[    0.194912] pci 0000:00:1d.1: [8086:3a65] type 00 class 0x0c0300 conventional PCI endpoint
[    0.194958] pci 0000:00:1d.1: BAR 4 [io  0x18c0-0x18df]
[    0.195083] pci 0000:00:1d.2: [8086:3a66] type 00 class 0x0c0300 conventional PCI endpoint
[    0.195129] pci 0000:00:1d.2: BAR 4 [io  0x18e0-0x18ff]
[    0.195261] pci 0000:00:1d.7: [8086:3a6a] type 00 class 0x0c0320 conventional PCI endpoint
[    0.195303] pci 0000:00:1d.7: BAR 0 [mem 0xfc629000-0xfc6293ff]
[    0.195347] pci 0000:00:1d.7: PME# supported from D0 D3hot D3cold
[    0.195449] pci 0000:00:1e.0: [8086:244e] type 01 class 0x060401 conventional PCI bridge
[    0.195477] pci 0000:00:1e.0: PCI bridge to [bus 11] (subtractive decode)
[    0.195484] pci 0000:00:1e.0:   bridge window [mem 0xfc500000-0xfc5fffff]
[    0.195626] pci 0000:00:1f.0: [8086:3a14] type 00 class 0x060100 conventional PCI endpoint
[    0.195856] pci 0000:00:1f.2: [8086:3a02] type 00 class 0x010601 conventional PCI endpoint
[    0.195898] pci 0000:00:1f.2: BAR 0 [io  0x1ca8-0x1caf]
[    0.195902] pci 0000:00:1f.2: BAR 1 [io  0x1c9c-0x1c9f]
[    0.195905] pci 0000:00:1f.2: BAR 2 [io  0x1ca0-0x1ca7]
[    0.195908] pci 0000:00:1f.2: BAR 3 [io  0x1c98-0x1c9b]
[    0.195910] pci 0000:00:1f.2: BAR 4 [io  0x1c00-0x1c1f]
[    0.195913] pci 0000:00:1f.2: BAR 5 [mem 0xfc62a000-0xfc62a7ff]
[    0.195957] pci 0000:00:1f.2: PME# supported from D3hot
[    0.196065] pci 0000:00:1f.3: [8086:3a60] type 00 class 0x0c0500 conventional PCI endpoint
[    0.196107] pci 0000:00:1f.3: BAR 0 [mem 0xfc62b000-0xfc62b0ff 64bit]
[    0.196113] pci 0000:00:1f.3: BAR 4 [io  0x1c20-0x1c3f]
[    0.196218] pci_bus 0000:11: extended config space not accessible
[    0.196245] pci 0000:11:00.0: [168c:0029] type 00 class 0x028000 conventional PCI endpoint
[    0.196287] pci 0000:11:00.0: BAR 0 [mem 0xfc500000-0xfc50ffff]
[    0.196322] pci 0000:11:00.0: PME# supported from D0 D3hot
[    0.196409] pci 0000:00:1e.0: PCI bridge to [bus 11] (subtractive decode)
[    0.196420] pci 0000:00:1e.0:   bridge window [io  0x0000-0x0cf7 window] (subtractive decode)
[    0.196422] pci 0000:00:1e.0:   bridge window [mem 0x000a0000-0x000bffff window] (subtractive decode)
[    0.196424] pci 0000:00:1e.0:   bridge window [mem 0x000d0000-0x000dffff window] (subtractive decode)
[    0.196426] pci 0000:00:1e.0:   bridge window [mem 0xe0000000-0xfffffffe window] (subtractive decode)
[    0.196428] pci 0000:00:1e.0:   bridge window [io  0x0d00-0xfdff window] (subtractive decode)
[    0.196774] ACPI: PCI: Interrupt link LNKA configured for IRQ 11
[    0.196837] ACPI: PCI: Interrupt link LNKB configured for IRQ 10
[    0.196897] ACPI: PCI: Interrupt link LNKC configured for IRQ 5
[    0.196958] ACPI: PCI: Interrupt link LNKD configured for IRQ 11
[    0.197030] ACPI: PCI: Interrupt link LNKE configured for IRQ 3
[    0.197095] ACPI: PCI: Interrupt link LNKF configured for IRQ 0
[    0.197097] ACPI: PCI: Interrupt link LNKF disabled
[    0.197161] ACPI: PCI: Interrupt link LNKG configured for IRQ 0
[    0.197163] ACPI: PCI: Interrupt link LNKG disabled
[    0.197226] ACPI: PCI: Interrupt link LNKH configured for IRQ 0
[    0.197228] ACPI: PCI: Interrupt link LNKH disabled
[    0.197257] platform INT0800:00: failed to claim resource 0: [mem 0xff800000-0xffffffff]
[    0.197261] acpi INT0800:00: platform device creation failed: -16
[    0.198266] iommu: Default domain type: Translated
[    0.198266] iommu: DMA domain TLB invalidation policy: lazy mode
[    0.198266] SCSI subsystem initialized
[    0.198266] libata version 3.00 loaded.
[    0.198266] ACPI: bus type USB registered
[    0.198266] usbcore: registered new interface driver usbfs
[    0.198266] usbcore: registered new interface driver hub
[    0.198266] usbcore: registered new device driver usb
[    0.198266] EDAC MC: Ver: 3.0.0
[    0.199131] NetLabel: Initializing
[    0.199132] NetLabel:  domain hash size = 128
[    0.199134] NetLabel:  protocols = UNLABELED CIPSOv4 CALIPSO
[    0.199151] NetLabel:  unlabeled traffic allowed by default
[    0.199157] mctp: management component transport protocol core
[    0.199158] NET: Registered PF_MCTP protocol family
[    0.199169] PCI: Using ACPI for IRQ routing
[    0.199671] PCI: pci_cache_line_size set to 64 bytes
[    0.199726] resource: Expanded resource Reserved due to conflict with PCI Bus 0000:00
[    0.199727] e820: reserve RAM buffer [mem 0x0009d000-0x0009ffff]
[    0.199730] e820: reserve RAM buffer [mem 0xcff90000-0xcfffffff]
[    0.199731] e820: reserve RAM buffer [mem 0x27f000000-0x27fffffff]
[    0.199752] pci 0000:00:02.0: vgaarb: setting as boot VGA device
[    0.199752] pci 0000:00:02.0: vgaarb: bridge control possible
[    0.199752] pci 0000:00:02.0: vgaarb: VGA device added: decodes=io+mem,owns=io+mem,locks=none
[    0.199752] vgaarb: loaded
[    0.199752] Monitor-Mwait will be used to enter C-1 state
[    0.199752] Monitor-Mwait will be used to enter C-2 state
[    0.199752] tsc: Marking TSC unstable due to TSC halts in idle
[    0.200098] hpet: 8 channels of 2 reserved for per-cpu timers
[    0.200102] hpet0: at MMIO 0xfed00000, IRQs 2, 8, 0, 24, 25, 0, 0, 0
[    0.200110] hpet0: 8 comparators, 64-bit 14.318180 MHz counter
[    0.202083] clocksource: Switched to clocksource hpet
[    0.203444] VFS: Disk quotas dquot_6.6.0
[    0.203479] VFS: Dquot-cache hash table entries: 512 (order 0, 4096 bytes)
[    0.203611] pnp: PnP ACPI init
[    0.203834] system 00:00: [io  0x0500-0x057f] has been reserved
[    0.203841] system 00:00: [io  0x0800-0x080f] has been reserved
[    0.203844] system 00:00: [io  0x1000-0x107f] has been reserved
[    0.203846] system 00:00: [io  0x1180-0x11bf] has been reserved
[    0.203848] system 00:00: [io  0x04d0-0x04d1] has been reserved
[    0.203850] system 00:00: [io  0xfe00] has been reserved
[    0.203853] system 00:00: [mem 0xfed14000-0xfed17fff] has been reserved
[    0.203855] system 00:00: [mem 0xf8000000-0xfbffffff] has been reserved
[    0.203858] system 00:00: [mem 0xfed20000-0xfed3ffff] has been reserved
[    0.203860] system 00:00: [mem 0xfed12000-0xfed12fff] has been reserved
[    0.203863] system 00:00: [mem 0xfed45000-0xfed8ffff] has been reserved
[    0.203866] system 00:00: [mem 0xfef00000-0xfeffffff] has been reserved
[    0.203868] system 00:00: [mem 0xfed18000-0xfed18fff] has been reserved
[    0.203870] system 00:00: [mem 0xfed19000-0xfed19fff] has been reserved
[    0.203873] system 00:00: [mem 0xfed1c000-0xfed1ffff] has been reserved
[    0.203875] system 00:00: [mem 0xfed90000-0xfed93fff] could not be reserved
[    0.203878] system 00:00: [mem 0xfee00000-0xfee00fff] has been reserved
[    0.204884] pnp: PnP ACPI: found 4 devices
[    0.211867] clocksource: acpi_pm: mask: 0xffffff max_cycles: 0xffffff, max_idle_ns: 2085701024 ns
[    0.212058] NET: Registered PF_INET protocol family
[    0.212627] IP idents hash table entries: 262144 (order: 9, 2097152 bytes, linear)
[    0.232405] tcp_listen_portaddr_hash hash table entries: 8192 (order: 5, 131072 bytes, linear)
[    0.232493] Table-perturb hash table entries: 65536 (order: 6, 262144 bytes, linear)
[    0.232749] TCP established hash table entries: 131072 (order: 8, 1048576 bytes, linear)
[    0.233416] TCP bind hash table entries: 65536 (order: 9, 2097152 bytes, linear)
[    0.233668] TCP: Hash tables configured (established 131072 bind 65536)
[    0.233944] MPTCP token hash table entries: 16384 (order: 6, 393216 bytes, linear)
[    0.234196] UDP hash table entries: 8192 (order: 7, 524288 bytes, linear)
[    0.234426] UDP-Lite hash table entries: 8192 (order: 7, 524288 bytes, linear)
[    0.234589] NET: Registered PF_UNIX/PF_LOCAL protocol family
[    0.234599] NET: Registered PF_XDP protocol family
[    0.234623] pci 0000:00:1e.0: PCI bridge to [bus 11]
[    0.234632] pci 0000:00:1e.0:   bridge window [mem 0xfc500000-0xfc5fffff]
[    0.234641] pci_bus 0000:00: resource 4 [io  0x0000-0x0cf7 window]
[    0.234644] pci_bus 0000:00: resource 5 [mem 0x000a0000-0x000bffff window]
[    0.234646] pci_bus 0000:00: resource 6 [mem 0x000d0000-0x000dffff window]
[    0.234647] pci_bus 0000:00: resource 7 [mem 0xe0000000-0xfffffffe window]
[    0.234649] pci_bus 0000:00: resource 8 [io  0x0d00-0xfdff window]
[    0.234651] pci_bus 0000:11: resource 1 [mem 0xfc500000-0xfc5fffff]
[    0.234653] pci_bus 0000:11: resource 4 [io  0x0000-0x0cf7 window]
[    0.234655] pci_bus 0000:11: resource 5 [mem 0x000a0000-0x000bffff window]
[    0.234657] pci_bus 0000:11: resource 6 [mem 0x000d0000-0x000dffff window]
[    0.234658] pci_bus 0000:11: resource 7 [mem 0xe0000000-0xfffffffe window]
[    0.234660] pci_bus 0000:11: resource 8 [io  0x0d00-0xfdff window]
[    0.237064] PCI: CLS 32 bytes, default 64
[    0.237100] PCI-DMA: Using software bounce buffering for IO (SWIOTLB)
[    0.237102] software IO TLB: mapped [mem 0x00000000cbf90000-0x00000000cff90000] (64MB)
[    0.237169] Trying to unpack rootfs image as initramfs...
[    0.275088] Initialise system trusted keyrings
[    0.275113] Key type blacklist registered
[    0.276108] workingset: timestamp_bits=36 max_order=22 bucket_order=0
[    0.278467] fuse: init (API version 7.44)
[    0.278674] integrity: Platform Keyring initialized
[    0.278681] integrity: Machine keyring initialized
[    0.295150] xor: measuring software checksum speed
[    0.295362]    prefetch64-sse  : 16115 MB/sec
[    0.295605]    generic_sse     : 13792 MB/sec
[    0.295606] xor: using function: prefetch64-sse (16115 MB/sec)
[    0.295611] Key type asymmetric registered
[    0.295613] Asymmetric key parser 'x509' registered
[    0.295692] Block layer SCSI generic (bsg) driver version 0.4 loaded (major 245)
[    0.295823] io scheduler mq-deadline registered
[    0.295825] io scheduler kyber registered
[    0.295871] io scheduler bfq registered
[    0.295999] ledtrig-cpu: registered to indicate activity on CPUs
[    0.296299] input: Power Button as /devices/LNXSYSTM:00/LNXSYBUS:00/PNP0A03:00/PNP0C0C:00/input/input0
[    0.298042] ACPI: button: Power Button [PWRB]
[    0.298092] input: Power Button as /devices/LNXSYSTM:00/LNXPWRBN:00/input/input1
[    0.298136] ACPI: button: Power Button [PWRF]
[    0.299407] Serial: 8250/16550 driver, 32 ports, IRQ sharing enabled
[    0.302882] 0000:00:03.3: ttyS4 at I/O 0x1c90 (irq = 17, base_baud = 115200) is a 16550A
[    0.303984] Non-volatile memory driver v1.3
[    0.303987] Linux agpgart interface v0.103
[    0.305697] tpm_tis 00:03: 1.2 TPM (device-id 0xFE, rev-id 70)
[    0.318635] tpm tpm0: TPM is disabled/deactivated (0x6)
[    0.319693] ACPI: bus type drm_connector registered
[    0.320633] ahci 0000:00:1f.2: AHCI vers 0001.0200, 32 command slots, 3 Gbps, SATA mode
[    0.320637] ahci 0000:00:1f.2: 2/6 ports implemented (port mask 0x9)
[    0.320639] ahci 0000:00:1f.2: flags: 64bit ncq sntf led clo pmp pio slum part sxs 
[    0.321420] scsi host0: ahci
[    0.321669] scsi host1: ahci
[    0.321837] scsi host2: ahci
[    0.321992] scsi host3: ahci
[    0.322231] scsi host4: ahci
[    0.322389] scsi host5: ahci
[    0.322458] ata1: SATA max UDMA/133 abar m2048@0xfc62a000 port 0xfc62a100 irq 26 lpm-pol 3
[    0.322461] ata2: DUMMY
[    0.322462] ata3: DUMMY
[    0.322464] ata4: SATA max UDMA/133 abar m2048@0xfc62a000 port 0xfc62a280 irq 26 lpm-pol 1 ext
[    0.322465] ata5: DUMMY
[    0.322466] ata6: DUMMY
[    0.322822] uhci_hcd 0000:00:1a.0: UHCI Host Controller
[    0.322829] uhci_hcd 0000:00:1a.0: new USB bus registered, assigned bus number 1
[    0.322838] uhci_hcd 0000:00:1a.0: detected 2 ports
[    0.322866] uhci_hcd 0000:00:1a.0: irq 16, io port 0x00001840
[    0.322961] usb usb1: New USB device found, idVendor=1d6b, idProduct=0001, bcdDevice= 6.17
[    0.322964] usb usb1: New USB device strings: Mfr=3, Product=2, SerialNumber=1
[    0.322966] usb usb1: Product: UHCI Host Controller
[    0.322968] usb usb1: Manufacturer: Linux 6.17.7-arch1-1 uhci_hcd
[    0.322969] usb usb1: SerialNumber: 0000:00:1a.0
[    0.323169] hub 1-0:1.0: USB hub found
[    0.323180] hub 1-0:1.0: 2 ports detected
[    0.324337] ehci-pci 0000:00:1a.7: EHCI Host Controller
[    0.324348] ehci-pci 0000:00:1a.7: new USB bus registered, assigned bus number 2
[    0.324360] ehci-pci 0000:00:1a.7: debug port 1
[    0.328301] ehci-pci 0000:00:1a.7: irq 18, io mem 0xfc628000
[    0.334042] ehci-pci 0000:00:1a.7: USB 2.0 started, EHCI 1.00
[    0.334137] usb usb2: New USB device found, idVendor=1d6b, idProduct=0002, bcdDevice= 6.17
[    0.334140] usb usb2: New USB device strings: Mfr=3, Product=2, SerialNumber=1
[    0.334142] usb usb2: Product: EHCI Host Controller
[    0.334144] usb usb2: Manufacturer: Linux 6.17.7-arch1-1 ehci_hcd
[    0.334146] usb usb2: SerialNumber: 0000:00:1a.7
[    0.334284] hub 2-0:1.0: USB hub found
[    0.334293] hub 2-0:1.0: 6 ports detected
[    0.356093] hub 1-0:1.0: USB hub found
[    0.356108] hub 1-0:1.0: 2 ports detected
[    0.356271] uhci_hcd 0000:00:1a.1: UHCI Host Controller
[    0.356279] uhci_hcd 0000:00:1a.1: new USB bus registered, assigned bus number 3
[    0.356287] uhci_hcd 0000:00:1a.1: detected 2 ports
[    0.356324] uhci_hcd 0000:00:1a.1: irq 17, io port 0x00001860
[    0.356396] usb usb3: New USB device found, idVendor=1d6b, idProduct=0001, bcdDevice= 6.17
[    0.356399] usb usb3: New USB device strings: Mfr=3, Product=2, SerialNumber=1
[    0.356401] usb usb3: Product: UHCI Host Controller
[    0.356403] usb usb3: Manufacturer: Linux 6.17.7-arch1-1 uhci_hcd
[    0.356404] usb usb3: SerialNumber: 0000:00:1a.1
[    0.356550] hub 3-0:1.0: USB hub found
[    0.356558] hub 3-0:1.0: 2 ports detected
[    0.356900] uhci_hcd 0000:00:1a.2: UHCI Host Controller
[    0.356907] uhci_hcd 0000:00:1a.2: new USB bus registered, assigned bus number 4
[    0.356914] uhci_hcd 0000:00:1a.2: detected 2 ports
[    0.356933] uhci_hcd 0000:00:1a.2: irq 18, io port 0x00001880
[    0.356995] usb usb4: New USB device found, idVendor=1d6b, idProduct=0001, bcdDevice= 6.17
[    0.356998] usb usb4: New USB device strings: Mfr=3, Product=2, SerialNumber=1
[    0.357000] usb usb4: Product: UHCI Host Controller
[    0.357002] usb usb4: Manufacturer: Linux 6.17.7-arch1-1 uhci_hcd
[    0.357003] usb usb4: SerialNumber: 0000:00:1a.2
[    0.357138] hub 4-0:1.0: USB hub found
[    0.357146] hub 4-0:1.0: 2 ports detected
[    0.357420] uhci_hcd 0000:00:1d.0: UHCI Host Controller
[    0.357426] uhci_hcd 0000:00:1d.0: new USB bus registered, assigned bus number 5
[    0.357434] uhci_hcd 0000:00:1d.0: detected 2 ports
[    0.357453] uhci_hcd 0000:00:1d.0: irq 16, io port 0x000018a0
[    0.357521] usb usb5: New USB device found, idVendor=1d6b, idProduct=0001, bcdDevice= 6.17
[    0.357524] usb usb5: New USB device strings: Mfr=3, Product=2, SerialNumber=1
[    0.357526] usb usb5: Product: UHCI Host Controller
[    0.357528] usb usb5: Manufacturer: Linux 6.17.7-arch1-1 uhci_hcd
[    0.357529] usb usb5: SerialNumber: 0000:00:1d.0
[    0.357627] hub 5-0:1.0: USB hub found
[    0.357635] hub 5-0:1.0: 2 ports detected
[    0.357917] uhci_hcd 0000:00:1d.1: UHCI Host Controller
[    0.357923] uhci_hcd 0000:00:1d.1: new USB bus registered, assigned bus number 6
[    0.357930] uhci_hcd 0000:00:1d.1: detected 2 ports
[    0.357948] uhci_hcd 0000:00:1d.1: irq 17, io port 0x000018c0
[    0.358036] usb usb6: New USB device found, idVendor=1d6b, idProduct=0001, bcdDevice= 6.17
[    0.358039] usb usb6: New USB device strings: Mfr=3, Product=2, SerialNumber=1
[    0.358041] usb usb6: Product: UHCI Host Controller
[    0.358043] usb usb6: Manufacturer: Linux 6.17.7-arch1-1 uhci_hcd
[    0.358045] usb usb6: SerialNumber: 0000:00:1d.1
[    0.358156] hub 6-0:1.0: USB hub found
[    0.358165] hub 6-0:1.0: 2 ports detected
[    0.358472] ehci-pci 0000:00:1d.7: EHCI Host Controller
[    0.358484] ehci-pci 0000:00:1d.7: new USB bus registered, assigned bus number 7
[    0.358496] ehci-pci 0000:00:1d.7: debug port 1
[    0.362404] ehci-pci 0000:00:1d.7: irq 16, io mem 0xfc629000
[    0.368036] ehci-pci 0000:00:1d.7: USB 2.0 started, EHCI 1.00
[    0.368124] usb usb7: New USB device found, idVendor=1d6b, idProduct=0002, bcdDevice= 6.17
[    0.368127] usb usb7: New USB device strings: Mfr=3, Product=2, SerialNumber=1
[    0.368129] usb usb7: Product: EHCI Host Controller
[    0.368131] usb usb7: Manufacturer: Linux 6.17.7-arch1-1 ehci_hcd
[    0.368132] usb usb7: SerialNumber: 0000:00:1d.7
[    0.368278] hub 7-0:1.0: USB hub found
[    0.368288] hub 7-0:1.0: 6 ports detected
[    0.389183] hub 5-0:1.0: USB hub found
[    0.389207] hub 5-0:1.0: 2 ports detected
[    0.400324] Freeing initrd memory: 25464K
[    0.410179] hub 6-0:1.0: USB hub found
[    0.410191] hub 6-0:1.0: 2 ports detected
[    0.410326] uhci_hcd 0000:00:1d.2: UHCI Host Controller
[    0.410339] uhci_hcd 0000:00:1d.2: new USB bus registered, assigned bus number 8
[    0.410349] uhci_hcd 0000:00:1d.2: detected 2 ports
[    0.410382] uhci_hcd 0000:00:1d.2: irq 18, io port 0x000018e0
[    0.410464] usb usb8: New USB device found, idVendor=1d6b, idProduct=0001, bcdDevice= 6.17
[    0.410467] usb usb8: New USB device strings: Mfr=3, Product=2, SerialNumber=1
[    0.410469] usb usb8: Product: UHCI Host Controller
[    0.410471] usb usb8: Manufacturer: Linux 6.17.7-arch1-1 uhci_hcd
[    0.410472] usb usb8: SerialNumber: 0000:00:1d.2
[    0.410625] hub 8-0:1.0: USB hub found
[    0.410634] hub 8-0:1.0: 2 ports detected
[    0.410867] usbcore: registered new interface driver usbserial_generic
[    0.410878] usbserial: USB Serial support registered for generic
[    0.410922] i8042: PNP: No PS/2 controller found.
[    0.411064] rtc_cmos 00:01: RTC can wake from S4
[    0.411371] rtc_cmos 00:01: registered as rtc0
[    0.411411] rtc_cmos 00:01: setting system clock to 2025-11-14T07:48:27 UTC (1763106507)
[    0.411447] rtc_cmos 00:01: alarms up to one month, y3k, 114 bytes nvram, hpet irqs
[    0.411509] intel_pstate: CPU model not supported
[    0.412057] simple-framebuffer simple-framebuffer.0: [drm] Registered 1 planes with drm panic
[    0.412059] [drm] Initialized simpledrm 1.0.0 for simple-framebuffer.0 on minor 0
[    0.413947] fbcon: Deferring console take-over
[    0.413950] simple-framebuffer simple-framebuffer.0: [drm] fb0: simpledrmdrmfb frame buffer device
[    0.413994] hid: raw HID events driver (C) Jiri Kosina
[    0.414048] usbcore: registered new interface driver usbhid
[    0.414050] usbhid: USB HID core driver
[    0.414136] drop_monitor: Initializing network drop monitor service
[    0.414368] NET: Registered PF_INET6 protocol family
[    0.414915] Segment Routing with IPv6
[    0.414916] RPL Segment Routing with IPv6
[    0.414928] In-situ OAM (IOAM) with IPv6
[    0.414951] NET: Registered PF_PACKET protocol family
[    0.415187] microcode: Current revision: 0x00000a0b
[    0.415249] IPI shorthand broadcast: enabled
[    0.418805] registered taskstats version 1
[    0.419120] Loading compiled-in X.509 certificates
[    0.428135] Loaded X.509 cert 'Build time autogenerated kernel key: 46d261b4279a399a9dad440045a7c0163909f942'
[    0.431578] Demotion targets for Node 0: null
[    0.431834] Key type .fscrypt registered
[    0.431837] Key type fscrypt-provisioning registered
[    0.433962] Btrfs loaded, zoned=yes, fsverity=yes
[    0.434037] Key type big_key registered
[    0.434479] PM:   Magic number: 1:611:824
[    0.436539] RAS: Correctable Errors collector initialized.
[    0.442631] Unstable clock detected, switching default tracing clock to "global"
               If you want to keep using the local clock, then add:
                 "trace_clock=local"
               on the kernel command line
[    0.442687] clk: Disabling unused clocks
[    0.442689] PM: genpd: Disabling unused power domains
[    0.631533] ata4: SATA link down (SStatus 0 SControl 300)
[    0.786047] ata1: SATA link up 3.0 Gbps (SStatus 123 SControl 300)
[    0.786312] ata1.00: ATA-9: BHT WR202H0032G E70270F5, 700100, max UDMA7
[    0.786315] ata1.00: 59768832 sectors, multi 1: LBA48 
[    0.786625] ata1.00: configured for UDMA/133
[    0.786881] scsi 0:0:0:0: Direct-Access     ATA      BHT WR202H0032G  00   PQ: 0 ANSI: 5
[    0.787263] sd 0:0:0:0: [sda] 59768832 512-byte logical blocks: (30.6 GB/28.5 GiB)
[    0.787275] sd 0:0:0:0: [sda] Write Protect is off
[    0.787278] sd 0:0:0:0: [sda] Mode Sense: 00 3a 00 00
[    0.787295] sd 0:0:0:0: [sda] Write cache: enabled, read cache: enabled, doesn't support DPO or FUA
[    0.787326] sd 0:0:0:0: [sda] Preferred minimum I/O size 512 bytes
[    0.794875]  sda: sda1 sda2
[    0.795024] sd 0:0:0:0: [sda] Attached SCSI disk
[    0.798255] Freeing unused decrypted memory: 2028K
[    0.799602] Freeing unused kernel image (initmem) memory: 4692K
[    0.799728] Write protecting the kernel read-only data: 36864k
[    0.800113] Freeing unused kernel image (text/rodata gap) memory: 416K
[    0.800241] Freeing unused kernel image (rodata/data gap) memory: 164K
[    0.848911] x86/mm: Checked W+X mappings: passed, no W+X pages found.
[    0.848917] rodata_test: all tests were successful
[    0.849001] x86/mm: Checking user space page tables
[    0.886030] usb 1-1: new low-speed USB device number 2 using uhci_hcd
[    0.895981] x86/mm: Checked W+X mappings: passed, no W+X pages found.
[    0.895994] Run /init as init process
[    0.895996]   with arguments:
[    0.895997]     /init
[    0.895998]     splash
[    0.896000]   with environment:
[    0.896001]     HOME=/
[    0.896002]     TERM=linux
[    0.896003]     cryptdevice=PARTUUID=265cc117-02:root
[    0.936034] usb 6-1: new low-speed USB device number 2 using uhci_hcd
[    1.056070] usb 1-1: New USB device found, idVendor=4e53, idProduct=5407, bcdDevice= 1.00
[    1.056077] usb 1-1: New USB device strings: Mfr=0, Product=1, SerialNumber=0
[    1.056079] usb 1-1: Product: USB OPTICAL MOUSE 
[    1.074361] input: USB OPTICAL MOUSE  as /devices/pci0000:00/0000:00:1a.0/usb1/1-1/1-1:1.0/0003:4E53:5407.0001/input/input2
[    1.074468] hid-generic 0003:4E53:5407.0001: input,hidraw0: USB HID v1.11 Mouse [USB OPTICAL MOUSE ] on usb-0000:00:1a.0-1/input0
[    1.099644] input: USB OPTICAL MOUSE  Keyboard as /devices/pci0000:00/0000:00:1a.0/usb1/1-1/1-1:1.1/0003:4E53:5407.0002/input/input3
[    1.109075] usb 6-1: New USB device found, idVendor=1a2c, idProduct=2124, bcdDevice= 1.10
[    1.109078] usb 6-1: New USB device strings: Mfr=1, Product=2, SerialNumber=0
[    1.109080] usb 6-1: Product: USB Keyboard
[    1.109082] usb 6-1: Manufacturer: SEM
[    1.125464] input: SEM USB Keyboard as /devices/pci0000:00/0000:00:1d.1/usb6/6-1/6-1:1.0/0003:1A2C:2124.0003/input/input5
[    1.151128] hid-generic 0003:4E53:5407.0002: input,hiddev96,hidraw1: USB HID v1.10 Keyboard [USB OPTICAL MOUSE ] on usb-0000:00:1a.0-1/input1
[    1.210820] hid-generic 0003:1A2C:2124.0003: input,hidraw2: USB HID v1.10 Keyboard [SEM USB Keyboard] on usb-0000:00:1d.1-1/input0
[    1.223421] input: SEM USB Keyboard Consumer Control as /devices/pci0000:00/0000:00:1d.1/usb6/6-1/6-1:1.1/0003:1A2C:2124.0004/input/input6
[    1.248180] ACPI Warning: SystemIO range 0x0000000000001028-0x000000000000102F conflicts with OpRegion 0x0000000000001000-0x000000000000102F (\_SB.PCI0.LPC0.PMIO) (20250404/utaddress-204)
[    1.248190] ACPI: OSL: Resource conflict; ACPI support missing from driver?
[    1.248194] ACPI Warning: SystemIO range 0x0000000000001180-0x00000000000011AF conflicts with OpRegion 0x0000000000001180-0x00000000000011AF (\_SB.PCI0.LPC0.GPOX) (20250404/utaddress-204)
[    1.248198] ACPI: OSL: Resource conflict; ACPI support missing from driver?
[    1.248232] lpc_ich: Resource conflict(s) found affecting gpio_ich
[    1.274134] input: SEM USB Keyboard System Control as /devices/pci0000:00/0000:00:1d.1/usb6/6-1/6-1:1.1/0003:1A2C:2124.0004/input/input7
[    1.274216] hid-generic 0003:1A2C:2124.0004: input,hidraw3: USB HID v1.10 Device [SEM USB Keyboard] on usb-0000:00:1d.1-1/input1
[    2.140806] i915 0000:00:02.0: [drm] Found g45 (device ID 2e12) integrated display version 4.00 stepping N/A
[    2.141043] pci 0000:00:00.0: Intel Q45/Q43 Chipset
[    2.141058] pci 0000:00:00.0: detected gtt size: 2097152K total, 262144K mappable
[    2.141916] pci 0000:00:00.0: detected 131072K stolen memory
[    2.158392] i915 0000:00:02.0: vgaarb: deactivate vga console
[    2.178650] i915 0000:00:02.0: [drm] Registered 2 planes with drm panic
[    2.178654] [drm] Initialized i915 1.6.0 for 0000:00:02.0 on minor 1
[    2.178775] ACPI: video: Video Device [IGD0] (multi-head: yes  rom: no  post: no)
[    2.178935] input: Video Bus as /devices/LNXSYSTM:00/LNXSYBUS:00/PNP0A03:00/LNXVIDEO:00/input/input8
[    2.443405] fbcon: i915drmfb (fb0) is primary device
[    2.443407] fbcon: Deferring console take-over
[    2.443410] i915 0000:00:02.0: [drm] fb0: i915drmfb frame buffer device
[    2.742166] device-mapper: uevent: version 1.0.3
[    2.742286] device-mapper: ioctl: 4.50.0-ioctl (2025-04-28) initialised: dm-devel@lists.linux.dev
[    2.760954] Key type trusted registered
[    2.886279] Key type encrypted registered
[    3.078023] random: crng init done
[   14.542460] BTRFS: device fsid f39a9f54-4acf-4cd9-a67d-0950ac8e7e6e devid 1 transid 1412 /dev/mapper/root (253:0) scanned by mount (318)
[   14.543394] BTRFS info (device dm-0): first mount of filesystem f39a9f54-4acf-4cd9-a67d-0950ac8e7e6e
[   14.543407] BTRFS info (device dm-0): using crc32c (crc32c-lib) checksum algorithm
[   14.568141] BTRFS info (device dm-0): enabling ssd optimizations
[   14.568145] BTRFS info (device dm-0): enabling free space tree
[   15.229833] systemd[1]: systemd 258.2-2-arch running in system mode (+PAM +AUDIT -SELINUX +APPARMOR -IMA +IPE +SMACK +SECCOMP +GCRYPT +GNUTLS +OPENSSL +ACL +BLKID +CURL +ELFUTILS +FIDO2 +IDN2 -IDN +IPTC +KMOD +LIBCRYPTSETUP +LIBCRYPTSETUP_PLUGINS +LIBFDISK +PCRE2 +PWQUALITY +P11KIT +QRENCODE +TPM2 +BZIP2 +LZ4 +XZ +ZLIB +ZSTD +BPF_FRAMEWORK +BTF +XKBCOMMON +UTMP -SYSVINIT +LIBARCHIVE)
[   15.229843] systemd[1]: Detected architecture x86-64.
[   15.237160] systemd[1]: Hostname set to <omarchy>.
[   15.389796] systemd[1]: bpf-restrict-fs: LSM BPF program attached
[   15.548771] zram: Added device: zram0
[   15.754276] systemd[1]: Queued start job for default target Graphical Interface.
[   15.773359] systemd[1]: Created slice CUPS Slice.
[   15.774051] systemd[1]: Created slice Slice /system/dirmngr.
[   15.774665] systemd[1]: Created slice Slice /system/getty.
[   15.775313] systemd[1]: Created slice Slice /system/gpg-agent.
[   15.775926] systemd[1]: Created slice Slice /system/gpg-agent-browser.
[   15.776570] systemd[1]: Created slice Slice /system/gpg-agent-extra.
[   15.777204] systemd[1]: Created slice Slice /system/gpg-agent-ssh.
[   15.777811] systemd[1]: Created slice Slice /system/keyboxd.
[   15.778448] systemd[1]: Created slice Slice /system/modprobe.
[   15.779113] systemd[1]: Created slice Slice /system/systemd-zram-setup.
[   15.779600] systemd[1]: Created slice User and Session Slice.
[   15.779691] systemd[1]: Started Forward Password Requests to Wall Directory Watch.
[   15.779936] systemd[1]: Set up automount Arbitrary Executable File Formats File System Automount Point.
[   15.779971] systemd[1]: Expecting device /dev/disk/by-uuid/0917-DF8E...
[   15.779992] systemd[1]: Expecting device /dev/disk/by-uuid/f39a9f54-4acf-4cd9-a67d-0950ac8e7e6e...
[   15.780031] systemd[1]: Expecting device /dev/zram0...
[   15.780062] systemd[1]: Reached target Login Prompts.
[   15.780096] systemd[1]: Reached target Image Downloads.
[   15.780124] systemd[1]: Reached target Local Integrity Protected Volumes.
[   15.780173] systemd[1]: Reached target Remote File Systems.
[   15.780204] systemd[1]: Reached target Slice Units.
[   15.780255] systemd[1]: Reached target Local Verity Protected Volumes.
[   15.780373] systemd[1]: Listening on Device-mapper event daemon FIFOs.
[   15.781930] systemd[1]: Listening on Query the User Interactively for a Password.
[   15.783464] systemd[1]: Listening on Process Core Dump Socket.
[   15.784477] systemd[1]: Listening on Credential Encryption/Decryption.
[   15.786004] systemd[1]: Listening on Factory Reset Management.
[   15.786156] systemd[1]: Listening on Journal Socket (/dev/log).
[   15.786282] systemd[1]: Listening on Journal Sockets.
[   15.786522] systemd[1]: Listening on Network Service Varlink Socket.
[   15.786715] systemd[1]: Listening on Network Service Netlink Socket.
[   15.786749] systemd[1]: TPM PCR Measurements was skipped because of an unmet condition check (ConditionSecurity=measured-uki).
[   15.786777] systemd[1]: Make TPM PCR Policy was skipped because of an unmet condition check (ConditionSecurity=measured-uki).
[   15.786878] systemd[1]: Listening on Resolve Monitor Varlink Socket.
[   15.786967] systemd[1]: Listening on Resolve Service Varlink Socket.
[   15.787095] systemd[1]: Listening on udev Control Socket.
[   15.787184] systemd[1]: Listening on udev Kernel Socket.
[   15.787287] systemd[1]: Listening on udev Varlink Socket.
[   15.787398] systemd[1]: Listening on User Database Manager Socket.
[   15.793243] systemd[1]: Mounting Huge Pages File System...
[   15.794286] systemd[1]: Mounting POSIX Message Queue File System...
[   15.804493] systemd[1]: Mounting Kernel Debug File System...
[   15.808143] systemd[1]: Mounting Kernel Trace File System...
[   15.811576] systemd[1]: Starting Create List of Static Device Nodes...
[   15.811644] systemd[1]: Load Kernel Module configfs was skipped because of an unmet condition check (ConditionKernelModuleLoaded=!configfs).
[   15.822849] systemd[1]: Mounting Kernel Configuration File System...
[   15.822911] systemd[1]: Load Kernel Module dm_mod was skipped because of an unmet condition check (ConditionKernelModuleLoaded=!dm_mod).
[   15.822959] systemd[1]: Load Kernel Module drm was skipped because of an unmet condition check (ConditionKernelModuleLoaded=!drm).
[   15.823004] systemd[1]: Load Kernel Module fuse was skipped because of an unmet condition check (ConditionKernelModuleLoaded=!fuse).
[   15.826268] systemd[1]: Mounting FUSE Control File System...
[   15.828508] systemd[1]: Starting Load Kernel Module loop...
[   15.828604] systemd[1]: Clear Stale Hibernate Storage Info was skipped because of an unmet condition check (ConditionPathExists=/sys/firmware/efi/efivars/HibernateLocation-8cf2644b-4b0b-428f-9387-6d876050dc67).
[   15.840833] systemd[1]: Starting Journal Service...
[   15.847121] systemd[1]: Starting Load Kernel Modules...
[   15.849222] systemd[1]: Starting Generate Network Units from Kernel Command Line...
[   15.849270] systemd[1]: TPM PCR Machine ID Measurement was skipped because of an unmet condition check (ConditionSecurity=measured-uki).
[   15.852174] systemd[1]: Starting Remount Root and Kernel File Systems...
[   15.852247] systemd[1]: Early TPM SRK Setup was skipped because of an unmet condition check (ConditionSecurity=measured-uki).
[   15.860180] systemd[1]: Starting Load udev Rules from Credentials...
[   15.864214] systemd[1]: Starting Coldplug All udev Devices...
[   15.866324] loop: module loaded
[   15.868067] systemd[1]: Starting Virtual Console Setup...
[   15.872848] systemd[1]: Mounted Huge Pages File System.
[   15.873452] systemd[1]: Mounted POSIX Message Queue File System.
[   15.873613] systemd[1]: Mounted Kernel Debug File System.
[   15.873765] systemd[1]: Mounted Kernel Trace File System.
[   15.874629] systemd[1]: Finished Create List of Static Device Nodes.
[   15.876515] systemd[1]: Mounted Kernel Configuration File System.
[   15.876691] systemd[1]: Mounted FUSE Control File System.
[   15.876999] systemd[1]: modprobe@loop.service: Deactivated successfully.
[   15.878483] systemd[1]: Finished Load Kernel Module loop.
[   15.879240] systemd[1]: Repartition Root Disk was skipped because no trigger condition checks were met.
[   15.880773] systemd[1]: Starting Create Static Device Nodes in /dev gracefully...
[   15.915162] systemd[1]: Finished Virtual Console Setup.
[   15.934365] systemd[1]: Finished Load udev Rules from Credentials.
[   15.936544] Asymmetric key parser 'pkcs8' registered
[   15.937650] systemd[1]: Finished Generate Network Units from Kernel Command Line.
[   15.937792] systemd[1]: Reached target Preparation for Network.
[   15.938685] systemd[1]: Finished Load Kernel Modules.
[   15.940384] systemd[1]: Starting Apply Kernel Variables...
[   15.965116] systemd-journald[387]: Collecting audit messages is disabled.
[   15.991101] systemd[1]: Finished Apply Kernel Variables.
[   15.997374] systemd[1]: Starting CLI Netfilter Manager...
[   16.008085] systemd[1]: Starting User Database Manager...
[   16.015909] BTRFS info (device dm-0 state M): use zstd compression, level 3
[   16.018482] systemd[1]: Finished Remount Root and Kernel File Systems.
[   16.019868] systemd[1]: Rebuild Hardware Database was skipped because of an unmet condition check (ConditionNeedsUpdate=/etc).
[   16.025149] systemd[1]: Starting Load/Save OS Random Seed...
[   16.025183] systemd[1]: TPM SRK Setup was skipped because of an unmet condition check (ConditionSecurity=measured-uki).
[   16.077559] systemd[1]: Finished Load/Save OS Random Seed.
[   16.103960] systemd[1]: Started User Database Manager.
[   16.165090] systemd[1]: Started Journal Service.
[   16.732026] cfg80211: Loading compiled-in X.509 certificates for regulatory database
[   16.736947] Loaded X.509 cert 'sforshee: 00b28ddf47aef9cea7'
[   16.737267] Loaded X.509 cert 'wens: 61c038651aabdcf94bd0ac7ff06c7248db18c600'
[   16.819878] zram0: detected capacity change from 0 to 8388608
[   16.963432] Adding 4194300k swap on /dev/zram0.  Priority:100 extents:1 across:4194300k SSDsc
[   17.081155] systemd-journald[387]: Received client request to flush runtime journal.
[   17.238322] mousedev: PS/2 mouse device common for all mice
[   17.292732] FAT-fs (sda1): Volume was not properly unmounted. Some data may be corrupt. Please run fsck.
[   17.451626] pata_acpi 0000:00:03.2: enabling device (0004 -> 0005)
[   17.468420] pps_core: LinuxPPS API ver. 1 registered
[   17.468425] pps_core: Software ver. 5.3.6 - Copyright 2005-2007 Rodolfo Giometti <giometti@linux.it>
[   17.492236] PTP clock support registered
[   17.537493] scsi host6: ata_generic
[   17.537801] scsi host7: ata_generic
[   17.537852] ata7: PATA max UDMA/100 cmd 0x1c88 ctl 0x1c7c bmdma 0x1c40 irq 18 lpm-pol 0
[   17.537855] ata8: PATA max UDMA/100 cmd 0x1c80 ctl 0x1c78 bmdma 0x1c48 irq 18 lpm-pol 0
[   17.558260] iTCO_vendor_support: vendor-support=0
[   17.564241] gpio_ich gpio_ich.2.auto: GPIO from 512 to 583
[   17.564890] input: PC Speaker as /devices/platform/pcspkr/input/input9
[   17.584200] e1000e: Intel(R) PRO/1000 Network Driver
[   17.584203] e1000e: Copyright(c) 1999 - 2015 Intel Corporation.
[   17.584447] e1000e 0000:00:19.0: Interrupt Throttling Rate (ints/sec) set to dynamic conservative mode
[   17.784582] e1000e 0000:00:19.0 eth0: (PCI Express:2.5GT/s:Width x1) 00:24:1d:f1:49:2d
[   17.784593] e1000e 0000:00:19.0 eth0: Intel(R) PRO/1000 Network Connection
[   17.784659] e1000e 0000:00:19.0 eth0: MAC: 8, PHY: 8, PBA No: FFFFFF-0FF
[   18.001555] e1000e 0000:00:19.0 enp0s25: renamed from eth0
[   18.040143] i801_smbus 0000:00:1f.3: enabling device (0001 -> 0003)
[   18.040338] i801_smbus 0000:00:1f.3: SMBus using PCI interrupt
[   18.042264] i2c i2c-7: Successfully instantiated SPD at 0x50
[   18.042509] iTCO_wdt iTCO_wdt.1.auto: Found a ICH10DO TCO device (Version=2, TCOBASE=0x1060)
[   18.042592] i2c i2c-7: Successfully instantiated SPD at 0x51
[   18.042882] i2c i2c-7: Successfully instantiated SPD at 0x52
[   18.047741] i2c i2c-7: Successfully instantiated SPD at 0x53
[   18.050733] iTCO_wdt iTCO_wdt.1.auto: initialized. heartbeat=30 sec (nowayout=0)
[   18.086939] NET: Registered PF_ALG protocol family
[   18.144566] at24 7-0050: supply vcc not found, using dummy regulator
[   18.150345] at24 7-0050: 256 byte spd EEPROM, read-only
[   18.150576] at24 7-0051: supply vcc not found, using dummy regulator
[   18.154536] at24 7-0051: 256 byte spd EEPROM, read-only
[   18.154613] at24 7-0052: supply vcc not found, using dummy regulator
[   18.157234] at24 7-0052: 256 byte spd EEPROM, read-only
[   18.157274] at24 7-0053: supply vcc not found, using dummy regulator
[   18.160434] at24 7-0053: 256 byte spd EEPROM, read-only
[   18.768199] ACPI Warning: \WMI1.WQA5: Insufficient arguments - Caller passed 1, method requires 2 (20250404/nsarguments-232)
[   18.768431] think-lmi 51F5230E-9677-46CD-A1CF-C0B23EE34DB7-0: probe with driver think-lmi failed with error -5
[   18.970942] intel_powerclamp: No package C-state available
[   19.443917] snd_hda_codec_analog hdaudioC0D2: autoconfig for AD1882: line_outs=1 (0x12/0x0/0x0/0x0/0x0) type:line
[   19.443926] snd_hda_codec_analog hdaudioC0D2:    speaker_outs=1 (0x13/0x0/0x0/0x0/0x0)
[   19.443928] snd_hda_codec_analog hdaudioC0D2:    hp_outs=1 (0x11/0x0/0x0/0x0/0x0)
[   19.443930] snd_hda_codec_analog hdaudioC0D2:    mono: mono_out=0x0
[   19.443932] snd_hda_codec_analog hdaudioC0D2:    inputs:
[   19.443934] snd_hda_codec_analog hdaudioC0D2:      Front Mic=0x14
[   19.443936] snd_hda_codec_analog hdaudioC0D2:      Rear Mic=0x17
[   19.443938] snd_hda_codec_analog hdaudioC0D2:      Line=0x15
[   19.443940] snd_hda_codec_analog hdaudioC0D2:      CD=0x18
[   19.454951] input: HDA Intel Front Mic as /devices/pci0000:00/0000:00:1b.0/sound/card0/input10
[   19.455036] input: HDA Intel Rear Mic as /devices/pci0000:00/0000:00:1b.0/sound/card0/input11
[   19.455096] input: HDA Intel Line as /devices/pci0000:00/0000:00:1b.0/sound/card0/input12
[   19.455154] input: HDA Intel Line Out as /devices/pci0000:00/0000:00:1b.0/sound/card0/input13
[   19.455208] input: HDA Intel Front Headphone as /devices/pci0000:00/0000:00:1b.0/sound/card0/input14
[   19.888919] e1000e 0000:00:19.0 enp0s25: NIC Link is Up 100 Mbps Full Duplex, Flow Control: Rx/Tx
[   20.623168] [UFW BLOCK] IN=enp0s25 OUT= MAC= SRC=192.168.0.107 DST=224.0.0.252 LEN=53 TOS=0x00 PREC=0x00 TTL=255 ID=14824 PROTO=UDP SPT=5355 DPT=5355 LEN=33 
[   20.973206] [UFW BLOCK] IN=enp0s25 OUT= MAC= SRC=192.168.0.107 DST=224.0.0.252 LEN=53 TOS=0x00 PREC=0x00 TTL=255 ID=14937 PROTO=UDP SPT=5355 DPT=5355 LEN=33 
[   21.194275] ath: EEPROM regdomain: 0x809c
[   21.194282] ath: EEPROM indicates we should expect a country code
[   21.194284] ath: doing EEPROM country->regdmn map search
[   21.194285] ath: country maps to regdmn code: 0x52
[   21.194287] ath: Country alpha2 being used: CN
[   21.194288] ath: Regpair used: 0x52
[   21.198586] ieee80211 phy0: Selected rate control algorithm 'minstrel_ht'
[   21.201281] [UFW BLOCK] IN=enp0s25 OUT= MAC= SRC=192.168.0.107 DST=224.0.0.252 LEN=53 TOS=0x00 PREC=0x00 TTL=255 ID=15083 PROTO=UDP SPT=5355 DPT=5355 LEN=33 
[   21.218849] ieee80211 phy0: Atheros AR9280 Rev:2 mem=0x00000000885987ec, irq=20
[   21.522397] [UFW BLOCK] IN=enp0s25 OUT= MAC= SRC=fe80:0000:0000:0000:0224:1dff:fef1:492d DST=ff02:0000:0000:0000:0000:0000:0001:0003 LEN=73 TC=0 HOPLIMIT=255 FLOWLBL=417178 PROTO=UDP SPT=5355 DPT=5355 LEN=33 
[   21.539527] wlan0: authenticate with b0:4e:26:8a:f4:a5 (local address=f4:ec:38:ff:e5:51)
[   21.539534] wlan0: send auth to b0:4e:26:8a:f4:a5 (try 1/3)
[   21.542333] wlan0: authenticated
[   21.543035] wlan0: associate with b0:4e:26:8a:f4:a5 (try 1/3)
[   21.553907] wlan0: RX AssocResp from b0:4e:26:8a:f4:a5 (capab=0x411 status=0 aid=4)
[   21.554092] wlan0: associated
[   21.674026] [UFW BLOCK] IN=enp0s25 OUT= MAC= SRC=fe80:0000:0000:0000:0224:1dff:fef1:492d DST=ff02:0000:0000:0000:0000:0000:0001:0003 LEN=73 TC=0 HOPLIMIT=255 FLOWLBL=417178 PROTO=UDP SPT=5355 DPT=5355 LEN=33 
[   21.974737] Initializing XFRM netlink socket
[   22.124091] [UFW BLOCK] IN=enp0s25 OUT= MAC= SRC=fe80:0000:0000:0000:0224:1dff:fef1:492d DST=ff02:0000:0000:0000:0000:0000:0001:0003 LEN=73 TC=0 HOPLIMIT=255 FLOWLBL=417178 PROTO=UDP SPT=5355 DPT=5355 LEN=33 
[   22.363165] bridge: filtering via arp/ip/ip6tables is no longer available by default. Update your scripts to load br_netfilter if you need this.
[   23.158621] [UFW BLOCK] IN=wlan0 OUT= MAC= SRC=fe80:0000:0000:0000:f6ec:38ff:feff:e551 DST=ff02:0000:0000:0000:0000:0000:0001:0003 LEN=73 TC=0 HOPLIMIT=255 FLOWLBL=65395 PROTO=UDP SPT=5355 DPT=5355 LEN=33 
[   23.159160] [UFW BLOCK] IN=enp0s25 OUT= MAC=33:33:00:01:00:03:f4:ec:38:ff:e5:51:86:dd SRC=fe80:0000:0000:0000:f6ec:38ff:feff:e551 DST=ff02:0000:0000:0000:0000:0000:0001:0003 LEN=73 TC=0 HOPLIMIT=255 FLOWLBL=65395 PROTO=UDP SPT=5355 DPT=5355 LEN=33 
[   23.508640] [UFW BLOCK] IN=wlan0 OUT= MAC= SRC=fe80:0000:0000:0000:f6ec:38ff:feff:e551 DST=ff02:0000:0000:0000:0000:0000:0001:0003 LEN=73 TC=0 HOPLIMIT=255 FLOWLBL=65395 PROTO=UDP SPT=5355 DPT=5355 LEN=33 
[   23.511572] [UFW BLOCK] IN=enp0s25 OUT= MAC=33:33:00:01:00:03:f4:ec:38:ff:e5:51:86:dd SRC=fe80:0000:0000:0000:f6ec:38ff:feff:e551 DST=ff02:0000:0000:0000:0000:0000:0001:0003 LEN=73 TC=0 HOPLIMIT=255 FLOWLBL=65395 PROTO=UDP SPT=5355 DPT=5355 LEN=33 
[   23.958682] [UFW BLOCK] IN=wlan0 OUT= MAC= SRC=fe80:0000:0000:0000:f6ec:38ff:feff:e551 DST=ff02:0000:0000:0000:0000:0000:0001:0003 LEN=73 TC=0 HOPLIMIT=255 FLOWLBL=65395 PROTO=UDP SPT=5355 DPT=5355 LEN=33 
[   23.959094] [UFW BLOCK] IN=enp0s25 OUT= MAC=33:33:00:01:00:03:f4:ec:38:ff:e5:51:86:dd SRC=fe80:0000:0000:0000:f6ec:38ff:feff:e551 DST=ff02:0000:0000:0000:0000:0000:0001:0003 LEN=73 TC=0 HOPLIMIT=255 FLOWLBL=65395 PROTO=UDP SPT=5355 DPT=5355 LEN=33 
[   25.930096] [UFW BLOCK] IN=wlan0 OUT= MAC= SRC=192.168.0.119 DST=224.0.0.252 LEN=53 TOS=0x00 PREC=0x00 TTL=255 ID=53444 PROTO=UDP SPT=5355 DPT=5355 LEN=33 
[   26.280157] [UFW BLOCK] IN=wlan0 OUT= MAC= SRC=192.168.0.119 DST=224.0.0.252 LEN=53 TOS=0x00 PREC=0x00 TTL=255 ID=53721 PROTO=UDP SPT=5355 DPT=5355 LEN=33 
[   26.730196] [UFW BLOCK] IN=wlan0 OUT= MAC= SRC=192.168.0.119 DST=224.0.0.252 LEN=53 TOS=0x00 PREC=0x00 TTL=255 ID=54044 PROTO=UDP SPT=5355 DPT=5355 LEN=33 
[   46.480050] fbcon: Taking over console
[   46.491257] Console: switching to colour frame buffer device 240x67
[   77.841863] [UFW BLOCK] IN=wlan0 OUT= MAC=f4:ec:38:ff:e5:51:60:a4:b7:e8:04:35:08:00 SRC=192.168.0.1 DST=224.0.0.1 LEN=36 TOS=0x00 PREC=0x00 TTL=1 ID=0 DF PROTO=2 
[   84.485522] [UFW BLOCK] IN=enp0s25 OUT= MAC=01:00:5e:00:00:01:60:a4:b7:e8:04:35:08:00 SRC=192.168.0.1 DST=224.0.0.1 LEN=36 TOS=0x00 PREC=0x00 TTL=1 ID=0 DF PROTO=2 
[   84.487247] [UFW BLOCK] IN=enp0s25 OUT= MAC=00:24:1d:f1:49:2d:60:a4:b7:e8:04:35:08:00 SRC=192.168.0.1 DST=224.0.0.1 LEN=36 TOS=0x00 PREC=0x00 TTL=1 ID=0 DF PROTO=2 
[   84.490131] [UFW BLOCK] IN=wlan0 OUT= MAC=01:00:5e:00:00:01:60:a4:b7:e8:04:35:08:00 SRC=192.168.0.1 DST=224.0.0.1 LEN=36 TOS=0x00 PREC=0x00 TTL=1 ID=0 DF PROTO=2 
