[    0.000000] Command line: video=efifb:off video=simpledrm:off initcall_blacklist=simpledrm_platform_driver_init cryptdevice=PARTUUID=265cc117-02:root root=/dev/mapper/root zswap.enabled=0 rootflags=subvol=@ rw rootfstype=btrfs
[    0.000000] BIOS-e820: [mem 0x00000000f8000000-0x00000000fbffffff] reserved
[    0.010337] ACPI: Reserving FACP table memory at [mem 0xcffaaafb-0xcffaabee]
[    0.125096] Kernel command line: video=efifb:off video=simpledrm:off initcall_blacklist=simpledrm_platform_driver_init cryptdevice=PARTUUID=265cc117-02:root root=/dev/mapper/root zswap.enabled=0 rootflags=subvol=@ rw rootfstype=btrfs
[    0.125152] blacklisting initcall simpledrm_platform_driver_init
[    0.560586] fbcon: Taking over console
[    0.573811] system 00:00: [mem 0xf8000000-0xfbffffff] has been reserved
[    0.690452] ACPI: bus type drm_connector registered
[    0.690661] initcall simpledrm_platform_driver_init blacklisted
[    2.166499] i915 0000:00:02.0: [drm] Found g45 (device ID 2e12) integrated display version 4.00 stepping N/A
[    2.181737] i915 0000:00:02.0: [drm] Registered 2 planes with drm panic
[    2.181741] [drm] Initialized i915 1.6.0 for 0000:00:02.0 on minor 0
[    2.237242] fbcon: i915drmfb (fb0) is primary device
[    2.334304] i915 0000:00:02.0: [drm] fb0: i915drmfb frame buffer device
[   31.433866] systemd[1]: Load Kernel Module drm was skipped because of an unmet condition check (ConditionKernelModuleLoaded=!drm).
